
Memory Configuration

Name             Origin             Length             Attributes
l1code           0xffa08000         0x00010000         x
ram              0x00001000         0x02000000         xrw
*default*        0x00000000         0xffffffff

Linker script and memory map


.l1code
 startup.o(STARTUP_SECTION)
 *(.l1code)
                0x00000000                PROVIDE (__executable_start, 0x0)
                0x00000000                . = 0x0

.interp
 *(.interp)

.hash
 *(.hash)

.dynsym
 *(.dynsym)

.dynstr
 *(.dynstr)

.gnu.version
 *(.gnu.version)

.gnu.version_d
 *(.gnu.version_d)

.gnu.version_r
 *(.gnu.version_r)

.rel.init
 *(.rel.init)

.rela.init
 *(.rela.init)

.rel.text
 *(.rel.text .rel.text.* .rel.gnu.linkonce.t.*)

.rela.text
 *(.rela.text .rela.text.* .rela.gnu.linkonce.t.*)

.rel.fini
 *(.rel.fini)

.rela.fini
 *(.rela.fini)

.rel.rodata
 *(.rel.rodata .rel.rodata.* .rel.gnu.linkonce.r.*)

.rela.rodata
 *(.rela.rodata .rela.rodata.* .rela.gnu.linkonce.r.*)

.rel.data
 *(.rel.data .rel.data.* .rel.gnu.linkonce.d.*)

.rela.data
 *(.rela.data .rela.data.* .rela.gnu.linkonce.d.*)

.rel.tdata
 *(.rel.tdata .rel.tdata.* .rel.gnu.linkonce.td.*)

.rela.tdata
 *(.rela.tdata .rela.tdata.* .rela.gnu.linkonce.td.*)

.rel.tbss
 *(.rel.tbss .rel.tbss.* .rel.gnu.linkonce.tb.*)

.rela.tbss
 *(.rela.tbss .rela.tbss.* .rela.gnu.linkonce.tb.*)

.rel.ctors
 *(.rel.ctors)

.rela.ctors
 *(.rela.ctors)

.rel.dtors
 *(.rel.dtors)

.rela.dtors
 *(.rela.dtors)

.rel.got
 *(.rel.got)

.rela.got
 *(.rela.got)

.rel.sdata
 *(.rel.sdata .rel.sdata.* .rel.gnu.linkonce.s.*)

.rela.sdata
 *(.rela.sdata .rela.sdata.* .rela.gnu.linkonce.s.*)

.rel.sbss
 *(.rel.sbss .rel.sbss.* .rel.gnu.linkonce.sb.*)

.rela.sbss
 *(.rela.sbss .rela.sbss.* .rela.gnu.linkonce.sb.*)

.rel.sdata2
 *(.rel.sdata2 .rel.sdata2.* .rel.gnu.linkonce.s2.*)

.rela.sdata2
 *(.rela.sdata2 .rela.sdata2.* .rela.gnu.linkonce.s2.*)

.rel.sbss2
 *(.rel.sbss2 .rel.sbss2.* .rel.gnu.linkonce.sb2.*)

.rela.sbss2
 *(.rela.sbss2 .rela.sbss2.* .rela.gnu.linkonce.sb2.*)

.rel.bss
 *(.rel.bss .rel.bss.* .rel.gnu.linkonce.b.*)

.rela.bss
 *(.rela.bss .rela.bss.* .rela.gnu.linkonce.b.*)

.rel.plt
 *(.rel.plt)

.rela.plt
 *(.rela.plt)

.init
 *(.init)

.plt
 *(.plt)

.text           0xffa08000      0x1cc
 *(.text .stub .text.* .gnu.linkonce.t.*)
 .text          0xffa08000      0x170 startup.o
                0xffa08000                start
 .text          0xffa08170       0x5c stamp.o
                0xffa08170                main
 *(.gnu.warning)

.fini
 *(.fini)
                0xffa081cc                PROVIDE (__etext, .)
                0xffa081cc                PROVIDE (_etext, .)
                0xffa081cc                PROVIDE (etext, .)

.rodata
 *(.rodata .rodata.* .gnu.linkonce.r.*)

.rodata1
 *(.rodata1)

.sdata2
 *(.sdata2 .sdata2.* .gnu.linkonce.s2.*)

.sbss2
 *(.sbss2 .sbss2.* .gnu.linkonce.sb2.*)

.eh_frame_hdr
 *(.eh_frame_hdr)
                0xffa091cc                . = (ALIGN (0x1000) + (. & 0xfff))
                0xffa091cc                . = ALIGN (0x4)
                0xffa091cc                PROVIDE (__preinit_array_start, .)

.preinit_array
 *(.preinit_array)
                0xffa091cc                PROVIDE (__preinit_array_end, .)
                0xffa091cc                PROVIDE (__init_array_start, .)

.init_array
 *(.init_array)
                0xffa091cc                PROVIDE (__init_array_end, .)
                0xffa091cc                PROVIDE (__fini_array_start, .)

.fini_array
 *(.fini_array)
                0xffa091cc                PROVIDE (__fini_array_end, .)

.data           0x00001000        0x0
 *(.data .data.* .gnu.linkonce.d.*)
 .data          0x00001000        0x0 startup.o
 .data          0x00001000        0x0 stamp.o

.data1
 *(.data1)

.tdata
 *(.tdata .tdata.* .gnu.linkonce.td.*)

.tbss
 *(.tbss .tbss.* .gnu.linkonce.tb.*)
 *(.tcommon)

.eh_frame
 *(.eh_frame)

.gcc_except_table
 *(.gcc_except_table)

.dynamic
 *(.dynamic)

.ctors
 *crtbegin*.o(.ctors)
 *(EXCLUDE_FILE(*crtend*.o) .ctors)
 *(SORT(.ctors.*))
 *(.ctors)

.dtors
 *crtbegin*.o(.dtors)
 *(EXCLUDE_FILE(*crtend*.o) .dtors)
 *(SORT(.dtors.*))
 *(.dtors)

.jcr
 *(.jcr)

.got
 *(.got.plt)
 *(.got)

.sdata
 *(.sdata .sdata.* .gnu.linkonce.s.*)
                0x00001000                _edata = .
                0x00001000                PROVIDE (edata, .)
                0x00001000                __bss_start = .

.sbss           0xffa091cc        0x0
                0xffa091cc                PROVIDE (__sbss_start, .)
                0xffa091cc                PROVIDE (___sbss_start, .)
 *(.dynsbss)
 *(.sbss .sbss.* .gnu.linkonce.sb.*)
 *(.scommon)
                0xffa091cc                PROVIDE (__sbss_end, .)
                0xffa091cc                PROVIDE (___sbss_end, .)

.bss            0x00001000        0x0
 *(.dynbss)
 *(.bss .bss.* .gnu.linkonce.b.*)
 .bss           0x00001000        0x0 startup.o
 .bss           0x00001000        0x0 stamp.o
 *(COMMON)
                0x00001000                . = ALIGN (0x4)
                0x00001000                . = ALIGN (0x4)
                0x00001000                _end = .
                0x00001000                PROVIDE (end, .)

.stab
 *(.stab)

.stabstr
 *(.stabstr)

.stab.excl
 *(.stab.excl)

.stab.exclstr
 *(.stab.exclstr)

.stab.index
 *(.stab.index)

.stab.indexstr
 *(.stab.indexstr)

.comment
 *(.comment)

.debug
 *(.debug)

.line
 *(.line)

.debug_srcinfo
 *(.debug_srcinfo)

.debug_sfnames
 *(.debug_sfnames)

.debug_aranges  0x00000000       0x40
 *(.debug_aranges)
 .debug_aranges
                0x00000000       0x20 startup.o
 .debug_aranges
                0x00000020       0x20 stamp.o

.debug_pubnames
 *(.debug_pubnames)

.debug_info     0x00000000       0xdc
 *(.debug_info .gnu.linkonce.wi.*)
 .debug_info    0x00000000       0x6f startup.o
 .debug_info    0x0000006f       0x6d stamp.o

.debug_abbrev   0x00000000       0x28
 *(.debug_abbrev)
 .debug_abbrev  0x00000000       0x14 startup.o
 .debug_abbrev  0x00000014       0x14 stamp.o

.debug_line     0x00000000      0x114
 *(.debug_line)
 .debug_line    0x00000000       0xbf startup.o
 .debug_line    0x000000bf       0x55 stamp.o

.debug_frame
 *(.debug_frame)

.debug_str
 *(.debug_str)

.debug_loc
 *(.debug_loc)

.debug_macinfo
 *(.debug_macinfo)

.debug_weaknames
 *(.debug_weaknames)

.debug_funcnames
 *(.debug_funcnames)

.debug_typenames
 *(.debug_typenames)

.debug_varnames
 *(.debug_varnames)

/DISCARD/
 *(.note.GNU-stack)
LOAD startup.o
LOAD stamp.o
OUTPUT(blink elf32-bfin)
                0x00000114                . = ALIGN (0x1)
                0x00000114                ___start_program = .

program         0x00000000        0x0
 program        0x00000000        0x0 startup.o
                0x00000000                ___stop_program = .
                0x00000000                . = ALIGN (0x1)
                0x00000000                ___start_L1_code = .

L1_code         0x00000000        0x0
 L1_code        0x00000000        0x0 stamp.o
                0x00000000                ___stop_L1_code = .
